Archive member included to satisfy reference by file (symbol)

/usr/lib/gcc/arm-none-eabi/4.9.3/../../../arm-none-eabi/lib/armv7e-m/softfp/libc.a(lib_a-memcpy.o)
                              lib/blocks/platform_STM32L4X6.o (memcpy)
/usr/lib/gcc/arm-none-eabi/4.9.3/../../../arm-none-eabi/lib/armv7e-m/softfp/libc.a(lib_a-memset.o)
                              lib/blocks/platform_STM32L4X6.o (memset)
/usr/lib/gcc/arm-none-eabi/4.9.3/armv7e-m/softfp/libgcc.a(_aeabi_uldivmod.o)
                              lib/stm/stm_STM32L4X6.o (__aeabi_uldivmod)
/usr/lib/gcc/arm-none-eabi/4.9.3/armv7e-m/softfp/libgcc.a(bpabi.o)
                              /usr/lib/gcc/arm-none-eabi/4.9.3/armv7e-m/softfp/libgcc.a(_aeabi_uldivmod.o) (__gnu_uldivmod_helper)
/usr/lib/gcc/arm-none-eabi/4.9.3/armv7e-m/softfp/libgcc.a(_dvmd_tls.o)
                              /usr/lib/gcc/arm-none-eabi/4.9.3/armv7e-m/softfp/libgcc.a(_aeabi_uldivmod.o) (__aeabi_ldiv0)
/usr/lib/gcc/arm-none-eabi/4.9.3/armv7e-m/softfp/libgcc.a(_divdi3.o)
                              /usr/lib/gcc/arm-none-eabi/4.9.3/armv7e-m/softfp/libgcc.a(bpabi.o) (__divdi3)
/usr/lib/gcc/arm-none-eabi/4.9.3/armv7e-m/softfp/libgcc.a(_udivdi3.o)
                              /usr/lib/gcc/arm-none-eabi/4.9.3/armv7e-m/softfp/libgcc.a(bpabi.o) (__udivdi3)

Allocating common symbols
Common symbol       size              file

uwTick              0x4               lib/stm/stm_STM32L4X6.o
pFlash              0x1c              lib/stm/stm_STM32L4X6.o
huart1              0x70              lib/blocks/platform_STM32L4X6.o
g_stack             0x800             lib/blocks/platform_STM32L4X6.o
g_cortex_regs       0xa0              lib/blocks/platform_STM32L4X6.o
blocks_standard_function_handlers
                    0xc               lib/blocks/platform_STM32L4X6.o

Discarded input sections

 .group         0x0000000000000000        0x8 lib/blocks/platform_STM32L4X6.o
 .group         0x0000000000000000        0x8 lib/blocks/platform_STM32L4X6.o
 .group         0x0000000000000000        0x8 lib/blocks/platform_STM32L4X6.o
 .group         0x0000000000000000        0x8 lib/blocks/platform_STM32L4X6.o
 .group         0x0000000000000000        0x8 lib/blocks/platform_STM32L4X6.o
 .group         0x0000000000000000        0x8 lib/blocks/platform_STM32L4X6.o
 .group         0x0000000000000000        0x8 lib/blocks/platform_STM32L4X6.o
 .group         0x0000000000000000        0x8 lib/blocks/platform_STM32L4X6.o
 .group         0x0000000000000000        0x8 lib/blocks/platform_STM32L4X6.o
 .group         0x0000000000000000        0x8 lib/blocks/platform_STM32L4X6.o
 .group         0x0000000000000000        0x8 lib/blocks/platform_STM32L4X6.o
 .group         0x0000000000000000        0x8 lib/blocks/platform_STM32L4X6.o
 .group         0x0000000000000000        0x8 lib/blocks/platform_STM32L4X6.o
 .group         0x0000000000000000        0x8 lib/blocks/platform_STM32L4X6.o
 .group         0x0000000000000000        0x8 lib/blocks/platform_STM32L4X6.o
 .group         0x0000000000000000        0x8 lib/blocks/platform_STM32L4X6.o
 .group         0x0000000000000000        0x8 lib/blocks/platform_STM32L4X6.o
 .group         0x0000000000000000        0x8 lib/blocks/platform_STM32L4X6.o
 .group         0x0000000000000000        0x8 lib/blocks/platform_STM32L4X6.o
 .group         0x0000000000000000        0x8 lib/blocks/platform_STM32L4X6.o
 .group         0x0000000000000000        0x8 lib/blocks/platform_STM32L4X6.o
 .group         0x0000000000000000        0x8 lib/blocks/platform_STM32L4X6.o
 .group         0x0000000000000000        0x8 lib/blocks/platform_STM32L4X6.o
 .group         0x0000000000000000        0x8 lib/blocks/platform_STM32L4X6.o
 .group         0x0000000000000000        0x8 lib/blocks/platform_STM32L4X6.o
 .group         0x0000000000000000        0x8 lib/blocks/platform_STM32L4X6.o
 .group         0x0000000000000000        0x8 lib/blocks/platform_STM32L4X6.o
 .group         0x0000000000000000        0x8 lib/blocks/platform_STM32L4X6.o
 .group         0x0000000000000000        0x8 lib/blocks/platform_STM32L4X6.o
 .group         0x0000000000000000        0x8 lib/blocks/platform_STM32L4X6.o
 .group         0x0000000000000000        0x8 lib/blocks/platform_STM32L4X6.o
 .group         0x0000000000000000        0x8 lib/blocks/platform_STM32L4X6.o
 .group         0x0000000000000000        0x8 lib/blocks/platform_STM32L4X6.o
 .group         0x0000000000000000        0x8 lib/blocks/platform_STM32L4X6.o
 .group         0x0000000000000000        0x8 lib/blocks/platform_STM32L4X6.o
 .group         0x0000000000000000        0x8 lib/blocks/platform_STM32L4X6.o
 .group         0x0000000000000000        0x8 lib/blocks/platform_STM32L4X6.o
 .group         0x0000000000000000        0x8 lib/blocks/platform_STM32L4X6.o
 .group         0x0000000000000000        0x8 lib/blocks/platform_STM32L4X6.o
 .group         0x0000000000000000        0x8 lib/blocks/platform_STM32L4X6.o
[...]
Memory Configuration

Name             Origin             Length             Attributes
BOOTLOADER       0x0000000008000000 0x0000000000005000 xr
FIRMWARE         0x0000000008005000 0x0000000000032000 xr
PARAM            0x0000000020000000 0x0000000000000020 rw
RAM              0x0000000020000020 0x0000000000017fe0 xrw
*default*        0x0000000000000000 0xffffffffffffffff

Linker script and memory map

LOAD lib/blocks/platform_STM32L4X6.o
LOAD lib/stm/stm_STM32L4X6.o
LOAD build/vendor.o
                0x0000000020018000                _estack = 0x20018000
                0x0000000000000400                _Min_Heap_Size = 0x400
                0x0000000000000200                _Min_Stack_Size = 0x200

.isr_vector     0x0000000008005000      0x188
                0x0000000008005000                . = ALIGN (0x8)
                0x0000000008005000                _isr_vector_start = .
 *(.isr_vector)
 .isr_vector    0x0000000008005000      0x188 lib/stm/stm_STM32L4X6.o
                0x0000000008005000                g_pfnVectors
                0x0000000008005188                . = ALIGN (0x8)
                0x0000000008005188                _isr_vector_end = .

.module_info    0x0000000008005188       0x8c
                0x0000000008005188                . = ALIGN (0x4)
                0x0000000008005188                _module_info_start = .
                0x0000000008005188        0x4 LONG 0xda7ada7a
                0x0000000008005198                . = (. + 0xc)
 *fill*         0x000000000800518c        0xc 
                0x0000000008005198                _module_info_end = .
                0x0000000008005198                _vendor_info_start = .
 *(.vendor_info)
 .vendor_info   0x0000000008005198       0x7c lib/blocks/platform_STM32L4X6.o
                0x0000000008005198                blocks_module_info
                0x0000000008005214                _vendor_info_end = .

.text           0x0000000008005214     0x3b9c
                0x0000000008005218                . = ALIGN (0x8)
 *fill*         0x0000000008005214        0x4 
 *(.text)
 .text          0x0000000008005218       0x58 lib/blocks/platform_STM32L4X6.o
                0x0000000008005260                SysTick_Handler
                0x000000000800526a                PendSV_Handler
 .text          0x0000000008005270      0x134 /usr/lib/gcc/arm-none-eabi/4.9.3/../../../arm-none-eabi/lib/armv7e-m/softfp/libc.a(lib_a-memcpy.o)
                0x0000000008005270                memcpy
 .text          0x00000000080053a4       0x30 /usr/lib/gcc/arm-none-eabi/4.9.3/armv7e-m/softfp/libgcc.a(_aeabi_uldivmod.o)
                0x00000000080053a4                __aeabi_uldivmod
 .text          0x00000000080053d4       0x60 /usr/lib/gcc/arm-none-eabi/4.9.3/armv7e-m/softfp/libgcc.a(bpabi.o)
                0x00000000080053d4                __gnu_ldivmod_helper
                0x0000000008005404                __gnu_uldivmod_helper
 .text          0x0000000008005434        0x4 /usr/lib/gcc/arm-none-eabi/4.9.3/armv7e-m/softfp/libgcc.a(_dvmd_tls.o)
                0x0000000008005434                __aeabi_ldiv0
                0x0000000008005434                __aeabi_idiv0
 .text          0x0000000008005438      0x29c /usr/lib/gcc/arm-none-eabi/4.9.3/armv7e-m/softfp/libgcc.a(_divdi3.o)
                0x0000000008005438                __divdi3
 .text          0x00000000080056d4      0x26c /usr/lib/gcc/arm-none-eabi/4.9.3/armv7e-m/softfp/libgcc.a(_udivdi3.o)
                0x00000000080056d4                __udivdi3
 *(.text*)
 .text.blocks_updateBackgroundTask
                0x0000000008005940        0x2 lib/blocks/platform_STM32L4X6.o
                0x0000000008005940                blocks_updateBackgroundTask
 .text.tick_listener
                0x0000000008005942        0xc lib/blocks/platform_STM32L4X6.o
 *fill*         0x000000000800594e        0x2 
 .text.blocks_registerStdFunc
                0x0000000008005950       0x24 lib/blocks/platform_STM32L4X6.o
                0x0000000008005950                blocks_registerStdFunc
 .text.startup.main
                0x0000000008005974       0x98 lib/blocks/platform_STM32L4X6.o
                0x0000000008005974                main
 .text.SystemClock_Config
                0x0000000008005a0c       0xa4 lib/blocks/platform_STM32L4X6.o
                0x0000000008005a0c                SystemClock_Config
 .text.crc_init
                0x0000000008005ab0        0xc lib/blocks/platform_STM32L4X6.o
                0x0000000008005ab0                crc_init
 .text.crc_compute
                0x0000000008005abc       0x18 lib/blocks/platform_STM32L4X6.o
                0x0000000008005abc                crc_compute
 .text.HAL_CRC_MspInit
                0x0000000008005ad4       0x20 lib/blocks/platform_STM32L4X6.o
                0x0000000008005ad4                HAL_CRC_MspInit
 .text.reset_i2c_reg
                0x0000000008005af4       0x6c lib/blocks/platform_STM32L4X6.o
 .text.notify_i2c
                0x0000000008005b60       0xa6 lib/blocks/platform_STM32L4X6.o
 *fill*         0x0000000008005c06        0x2 
 .text.i2c_timings
                0x0000000008005c08       0x1c lib/blocks/platform_STM32L4X6.o
                0x0000000008005c08                i2c_timings
 .text.module_i2c_set_addr
                0x0000000008005c24       0x3e lib/blocks/platform_STM32L4X6.o
                0x0000000008005c24                module_i2c_set_addr
 .text.module_i2c_enable
                0x0000000008005c62       0x58 lib/blocks/platform_STM32L4X6.o
                0x0000000008005c62                module_i2c_enable
 .text.module_i2c_is_busy
                0x0000000008005cba        0xa lib/blocks/platform_STM32L4X6.o
                0x0000000008005cba                module_i2c_is_busy
 .text.module_i2c_get_handle
                0x0000000008005cc4       0xa4 lib/blocks/platform_STM32L4X6.o
                0x0000000008005cc4                module_i2c_get_handle
 .text.module_i2c_irq_handler
                0x0000000008005d68      0x328 lib/blocks/platform_STM32L4X6.o
                0x0000000008005d68                module_i2c_irq_handler
 .text.module_i2c_register_listener
                0x0000000008006090       0x1c lib/blocks/platform_STM32L4X6.o
                0x0000000008006090                module_i2c_register_listener
 .text.module_i2c_wait_host_data
                0x00000000080060ac       0x50 lib/blocks/platform_STM32L4X6.o
                0x00000000080060ac                module_i2c_wait_host_data
 .text.module_i2c_enable_gpio
                0x00000000080060fc       0x3c lib/blocks/platform_STM32L4X6.o
                0x00000000080060fc                module_i2c_enable_gpio
 .text.module_i2c_reset_handle
                0x0000000008006138       0x30 lib/blocks/platform_STM32L4X6.o
                0x0000000008006138                module_i2c_reset_handle
 .text.module_i2c_resume_irq
                0x0000000008006168       0x2c lib/blocks/platform_STM32L4X6.o
                0x0000000008006168                module_i2c_resume_irq
 .text.module_i2c_restart
                0x0000000008006194       0x32 lib/blocks/platform_STM32L4X6.o
                0x0000000008006194                module_i2c_restart
 *fill*         0x00000000080061c6        0x2 
 .text.module_i2c_delay_action
                0x00000000080061c8       0x20 lib/blocks/platform_STM32L4X6.o
                0x00000000080061c8                module_i2c_delay_action
 .text.MX_GPIO_Init
                0x00000000080061e8      0x100 lib/blocks/platform_STM32L4X6.o
                0x00000000080061e8                MX_GPIO_Init
 .text.MX_USART1_UART_Init
                0x00000000080062e8       0x2c lib/blocks/platform_STM32L4X6.o
                0x00000000080062e8                MX_USART1_UART_Init
 .text.HAL_UART_MspInit
                0x0000000008006314       0x4c lib/blocks/platform_STM32L4X6.o
                0x0000000008006314                HAL_UART_MspInit
 .text._putc.4016
                0x0000000008006360       0x2c lib/blocks/platform_STM32L4X6.o
 .text._puts.4020
                0x000000000800638c       0x3a lib/blocks/platform_STM32L4X6.o
 .text.mini_itoa.part.0
                0x00000000080063c6       0x82 lib/blocks/platform_STM32L4X6.o
 .text.mini_vsnprintf
                0x0000000008006448      0x104 lib/blocks/platform_STM32L4X6.o
                0x0000000008006448                mini_vsnprintf
 .text.mini_snprintf
                0x000000000800654c       0x1a lib/blocks/platform_STM32L4X6.o
                0x000000000800654c                mini_snprintf
 *fill*         0x0000000008006566        0x2 
 .text.NVIC_SystemReset
                0x0000000008006568       0x24 lib/blocks/platform_STM32L4X6.o
 .text.module_get_fw_version
                0x000000000800658c       0x12 lib/blocks/platform_STM32L4X6.o
 .text.module_set_fw_version
                0x000000000800659e        0xe lib/blocks/platform_STM32L4X6.o
 .text.module_set_modelid
                0x00000000080065ac        0xe lib/blocks/platform_STM32L4X6.o
 .text.module_set_std_functions
                0x00000000080065ba       0x16 lib/blocks/platform_STM32L4X6.o
 .text.module_set_ubmid
                0x00000000080065d0        0xe lib/blocks/platform_STM32L4X6.o
 .text.module_get_ubmid
                0x00000000080065de       0x12 lib/blocks/platform_STM32L4X6.o
 .text.module_set_addr
                0x00000000080065f0       0x18 lib/blocks/platform_STM32L4X6.o
 .text.module_get_addr
                0x0000000008006608       0x1c lib/blocks/platform_STM32L4X6.o
 .text.module_set_async
                0x0000000008006624       0x12 lib/blocks/platform_STM32L4X6.o
 .text.module_set_tick_listener
                0x0000000008006636       0x10 lib/blocks/platform_STM32L4X6.o
 .text.module_release_message
                0x0000000008006646       0x30 lib/blocks/platform_STM32L4X6.o
 .text.module_get_hw_buffer
                0x0000000008006676       0x1a lib/blocks/platform_STM32L4X6.o
 .text.return_from_execute_func
                0x0000000008006690       0x1c lib/blocks/platform_STM32L4X6.o
                0x0000000008006690                return_from_execute_func
 .text.module_reboot
                0x00000000080066ac       0x12 lib/blocks/platform_STM32L4X6.o
 *fill*         0x00000000080066be        0x2 
 .text.module_notify_corehub_internal
                0x00000000080066c0       0x40 lib/blocks/platform_STM32L4X6.o
 .text.module_wait_message
                0x0000000008006700       0xf4 lib/blocks/platform_STM32L4X6.o
 .text.module_stop
                0x00000000080067f4       0x50 lib/blocks/platform_STM32L4X6.o
 .text.module_start
                0x0000000008006844       0x48 lib/blocks/platform_STM32L4X6.o
 .text.module_teardown
                0x000000000800688c       0x46 lib/blocks/platform_STM32L4X6.o
 .text.module_notify_corehub
                0x00000000080068d2       0x24 lib/blocks/platform_STM32L4X6.o
 *fill*         0x00000000080068f6        0x2 
 .text.execute_func
                0x00000000080068f8      0x124 lib/blocks/platform_STM32L4X6.o
                0x00000000080068f8                execute_func
 .text.module_i2c_callback
                0x0000000008006a1c      0x498 lib/blocks/platform_STM32L4X6.o
 .text.task_schedule
                0x0000000008006eb4       0xa8 lib/blocks/platform_STM32L4X6.o
                0x0000000008006eb4                task_schedule
 .text.module_get_instance
                0x0000000008006f5c      0x190 lib/blocks/platform_STM32L4X6.o
                0x0000000008006f5c                module_get_instance
 .text.HAL_PWREx_GetVoltageRange
                0x00000000080070ec       0x10 lib/stm/stm_STM32L4X6.o
                0x00000000080070ec                HAL_PWREx_GetVoltageRange
 .text.HAL_PWREx_ControlVoltageScaling
                0x00000000080070fc       0x6c lib/stm/stm_STM32L4X6.o
                0x00000000080070fc                HAL_PWREx_ControlVoltageScaling
 .text.HAL_PWREx_EnableVddIO2
                0x0000000008007168       0x10 lib/stm/stm_STM32L4X6.o
                0x0000000008007168                HAL_PWREx_EnableVddIO2
 .text.HAL_GPIO_Init
                0x0000000008007178      0x1bc lib/stm/stm_STM32L4X6.o
                0x0000000008007178                HAL_GPIO_Init
 .text.HAL_GPIO_DeInit
                0x0000000008007334      0x12c lib/stm/stm_STM32L4X6.o
                0x0000000008007334                HAL_GPIO_DeInit
 .text.HAL_GPIO_WritePin
                0x0000000008007460        0xa lib/stm/stm_STM32L4X6.o
                0x0000000008007460                HAL_GPIO_WritePin
 *fill*         0x000000000800746a        0x2 
 .text.HAL_MspInit
                0x000000000800746c       0x38 lib/stm/stm_STM32L4X6.o
                0x0000000008007470                HAL_MspInit
 .text.HAL_InitTick
                0x00000000080074a4       0x28 lib/stm/stm_STM32L4X6.o
                0x00000000080074a4                HAL_InitTick
 .text.HAL_Init
                0x00000000080074cc       0x16 lib/stm/stm_STM32L4X6.o
                0x00000000080074cc                HAL_Init
 *fill*         0x00000000080074e2        0x2 
 .text.HAL_IncTick
                0x00000000080074e4       0x10 lib/stm/stm_STM32L4X6.o
                0x00000000080074e4                HAL_IncTick
 .text.HAL_GetTick
                0x00000000080074f4        0xc lib/stm/stm_STM32L4X6.o
                0x00000000080074f4                HAL_GetTick
 .text.RCCEx_PLLSAI1_ConfigNP
                0x0000000008007500       0x94 lib/stm/stm_STM32L4X6.o
 .text.RCCEx_PLLSAI2_ConfigNP
                0x0000000008007594       0x94 lib/stm/stm_STM32L4X6.o
 .text.RCCEx_PLLSAI1_ConfigNQ
                0x0000000008007628       0x94 lib/stm/stm_STM32L4X6.o
 .text.HAL_RCCEx_PeriphCLKConfig
                0x00000000080076bc      0x4c0 lib/stm/stm_STM32L4X6.o
                0x00000000080076bc                HAL_RCCEx_PeriphCLKConfig
 .text.CRC_Handle_8
                0x0000000008007b7c       0x52 lib/stm/stm_STM32L4X6.o
 .text.CRC_Handle_16
                0x0000000008007bce       0x32 lib/stm/stm_STM32L4X6.o
 .text.HAL_CRC_Init
                0x0000000008007c00       0x74 lib/stm/stm_STM32L4X6.o
                0x0000000008007c00                HAL_CRC_Init
 .text.HAL_CRC_Calculate
                0x0000000008007c74       0x5c lib/stm/stm_STM32L4X6.o
                0x0000000008007c74                HAL_CRC_Calculate
 .text.HAL_CRCEx_Polynomial_Set
                0x0000000008007cd0       0x5c lib/stm/stm_STM32L4X6.o
                0x0000000008007cd0                HAL_CRCEx_Polynomial_Set
 .text.RCC_SetFlashLatencyFromMSIRange
                0x0000000008007d2c       0x84 lib/stm/stm_STM32L4X6.o
 .text.HAL_RCC_GetSysClockFreq
                0x0000000008007db0      0x138 lib/stm/stm_STM32L4X6.o
                0x0000000008007db0                HAL_RCC_GetSysClockFreq
 .text.HAL_RCC_OscConfig
                0x0000000008007ee8      0x4c4 lib/stm/stm_STM32L4X6.o
                0x0000000008007ee8                HAL_RCC_OscConfig
 .text.HAL_RCC_ClockConfig
                0x00000000080083ac      0x178 lib/stm/stm_STM32L4X6.o
                0x00000000080083ac                HAL_RCC_ClockConfig
 .text.HAL_RCC_GetHCLKFreq
                0x0000000008008524        0xc lib/stm/stm_STM32L4X6.o
                0x0000000008008524                HAL_RCC_GetHCLKFreq
 .text.HAL_RCC_GetPCLK1Freq
                0x0000000008008530       0x30 lib/stm/stm_STM32L4X6.o
                0x0000000008008530                HAL_RCC_GetPCLK1Freq
 .text.HAL_RCC_GetPCLK2Freq
                0x0000000008008560       0x30 lib/stm/stm_STM32L4X6.o
                0x0000000008008560                HAL_RCC_GetPCLK2Freq
 .text.HAL_NVIC_SetPriorityGrouping
                0x0000000008008590       0x24 lib/stm/stm_STM32L4X6.o
                0x0000000008008590                HAL_NVIC_SetPriorityGrouping
 .text.HAL_NVIC_SetPriority
                0x00000000080085b4       0x60 lib/stm/stm_STM32L4X6.o
                0x00000000080085b4                HAL_NVIC_SetPriority
 .text.HAL_NVIC_EnableIRQ
                0x0000000008008614       0x18 lib/stm/stm_STM32L4X6.o
                0x0000000008008614                HAL_NVIC_EnableIRQ
 .text.HAL_NVIC_DisableIRQ
                0x000000000800862c       0x18 lib/stm/stm_STM32L4X6.o
                0x000000000800862c                HAL_NVIC_DisableIRQ
 .text.HAL_SYSTICK_Config
                0x0000000008008644       0x2c lib/stm/stm_STM32L4X6.o
                0x0000000008008644                HAL_SYSTICK_Config
 .text.HAL_SYSTICK_CLKSourceConfig
                0x0000000008008670       0x18 lib/stm/stm_STM32L4X6.o
                0x0000000008008670                HAL_SYSTICK_CLKSourceConfig
 .text.UART_SetConfig
                0x0000000008008688      0x2b8 lib/stm/stm_STM32L4X6.o
                0x0000000008008688                UART_SetConfig
 .text.UART_AdvFeatureConfig
                0x0000000008008940       0xb8 lib/stm/stm_STM32L4X6.o
                0x0000000008008940                UART_AdvFeatureConfig
 .text.UART_WaitOnFlagUntilTimeout
                0x00000000080089f8       0x8a lib/stm/stm_STM32L4X6.o
                0x00000000080089f8                UART_WaitOnFlagUntilTimeout
 .text.HAL_UART_Transmit
                0x0000000008008a82       0xb8 lib/stm/stm_STM32L4X6.o
                0x0000000008008a82                HAL_UART_Transmit
 .text.UART_CheckIdleState
                0x0000000008008b3a       0x50 lib/stm/stm_STM32L4X6.o
                0x0000000008008b3a                UART_CheckIdleState
 .text.HAL_UART_Init
                0x0000000008008b8a       0x64 lib/stm/stm_STM32L4X6.o
                0x0000000008008b8a                HAL_UART_Init
 *fill*         0x0000000008008bee        0x2 
 .text.SystemInit
                0x0000000008008bf0       0x44 lib/stm/stm_STM32L4X6.o
                0x0000000008008bf0                SystemInit
 .text.I2C1_EV_IRQHandler
                0x0000000008008c34        0xc lib/stm/stm_STM32L4X6.o
                0x0000000008008c34                I2C1_EV_IRQHandler
 .text.I2C1_ER_IRQHandler
                0x0000000008008c40        0xc lib/stm/stm_STM32L4X6.o
                0x0000000008008c40                I2C1_ER_IRQHandler
 .text.HardFault_Handler
                0x0000000008008c4c        0x2 lib/stm/stm_STM32L4X6.o
                0x0000000008008c4c                HardFault_Handler
 *fill*         0x0000000008008c4e        0x2 
 .text.Reset_Handler
                0x0000000008008c50       0x4c lib/stm/stm_STM32L4X6.o
                0x0000000008008c50                Reset_Handler
 .text.Default_Handler
                0x0000000008008c9c        0x2 lib/stm/stm_STM32L4X6.o
                0x0000000008008c9c                RTC_Alarm_IRQHandler
                0x0000000008008c9c                EXTI2_IRQHandler
                0x0000000008008c9c                TIM8_TRG_COM_IRQHandler
                0x0000000008008c9c                TIM8_CC_IRQHandler
                0x0000000008008c9c                DebugMon_Handler
                0x0000000008008c9c                DFSDM0_IRQHandler
                0x0000000008008c9c                TIM1_CC_IRQHandler
                0x0000000008008c9c                TSC_IRQHandler
                0x0000000008008c9c                TAMP_STAMP_IRQHandler
                0x0000000008008c9c                NMI_Handler
                0x0000000008008c9c                EXTI3_IRQHandler
                0x0000000008008c9c                LPTIM2_IRQHandler
                0x0000000008008c9c                I2C3_ER_IRQHandler
                0x0000000008008c9c                EXTI0_IRQHandler
                0x0000000008008c9c                I2C2_EV_IRQHandler
                0x0000000008008c9c                CAN1_RX0_IRQHandler
                0x0000000008008c9c                FPU_IRQHandler
                0x0000000008008c9c                TIM1_UP_TIM16_IRQHandler
                0x0000000008008c9c                UsageFault_Handler
                0x0000000008008c9c                ADC1_2_IRQHandler
                0x0000000008008c9c                SPI1_IRQHandler
                0x0000000008008c9c                TIM6_DAC_IRQHandler
                0x0000000008008c9c                TIM8_UP_IRQHandler
                0x0000000008008c9c                DMA2_Channel2_IRQHandler
                0x0000000008008c9c                DMA1_Channel4_IRQHandler
                0x0000000008008c9c                SAI2_IRQHandler
                0x0000000008008c9c                USART3_IRQHandler
                0x0000000008008c9c                DMA1_Channel7_IRQHandler
                0x0000000008008c9c                CAN1_RX1_IRQHandler
                0x0000000008008c9c                LCD_IRQHandler
                0x0000000008008c9c                UART5_IRQHandler
                0x0000000008008c9c                ADC3_IRQHandler
                0x0000000008008c9c                TIM4_IRQHandler
                0x0000000008008c9c                DMA2_Channel1_IRQHandler
                0x0000000008008c9c                QUADSPI_IRQHandler
                0x0000000008008c9c                DMA1_Channel6_IRQHandler
                0x0000000008008c9c                UART4_IRQHandler
                0x0000000008008c9c                DMA2_Channel4_IRQHandler
                0x0000000008008c9c                TIM3_IRQHandler
                0x0000000008008c9c                RCC_IRQHandler
                0x0000000008008c9c                DMA1_Channel1_IRQHandler
                0x0000000008008c9c                Default_Handler
                0x0000000008008c9c                DMA2_Channel7_IRQHandler
                0x0000000008008c9c                EXTI15_10_IRQHandler
                0x0000000008008c9c                TIM7_IRQHandler
                0x0000000008008c9c                SDMMC1_IRQHandler
                0x0000000008008c9c                TIM5_IRQHandler
                0x0000000008008c9c                I2C3_EV_IRQHandler
                0x0000000008008c9c                DFSDM2_IRQHandler
                0x0000000008008c9c                EXTI9_5_IRQHandler
                0x0000000008008c9c                RTC_WKUP_IRQHandler
                0x0000000008008c9c                PVD_PVM_IRQHandler
                0x0000000008008c9c                SPI2_IRQHandler
                0x0000000008008c9c                DFSDM3_IRQHandler
                0x0000000008008c9c                MemManage_Handler
                0x0000000008008c9c                CAN1_TX_IRQHandler
                0x0000000008008c9c                SVC_Handler
                0x0000000008008c9c                DMA2_Channel5_IRQHandler
                0x0000000008008c9c                DMA1_Channel5_IRQHandler
                0x0000000008008c9c                EXTI4_IRQHandler
                0x0000000008008c9c                RNG_IRQHandler
                0x0000000008008c9c                TIM1_TRG_COM_TIM17_IRQHandler
                0x0000000008008c9c                DMA1_Channel3_IRQHandler
                0x0000000008008c9c                COMP_IRQHandler
                0x0000000008008c9c                WWDG_IRQHandler
                0x0000000008008c9c                LPUART1_IRQHandler
                0x0000000008008c9c                DMA2_Channel6_IRQHandler
                0x0000000008008c9c                TIM2_IRQHandler
                0x0000000008008c9c                EXTI1_IRQHandler
                0x0000000008008c9c                USART2_IRQHandler
                0x0000000008008c9c                I2C2_ER_IRQHandler
                0x0000000008008c9c                DMA1_Channel2_IRQHandler
                0x0000000008008c9c                TIM8_BRK_IRQHandler
                0x0000000008008c9c                CAN1_SCE_IRQHandler
                0x0000000008008c9c                FLASH_IRQHandler
                0x0000000008008c9c                BusFault_Handler
                0x0000000008008c9c                USART1_IRQHandler
                0x0000000008008c9c                OTG_FS_IRQHandler
                0x0000000008008c9c                SPI3_IRQHandler
                0x0000000008008c9c                FMC_IRQHandler
                0x0000000008008c9c                SWPMI1_IRQHandler
                0x0000000008008c9c                LPTIM1_IRQHandler
                0x0000000008008c9c                DFSDM1_IRQHandler
                0x0000000008008c9c                SAI1_IRQHandler
                0x0000000008008c9c                DMA2_Channel3_IRQHandler
                0x0000000008008c9c                TIM1_BRK_TIM15_IRQHandler
 *fill*         0x0000000008008c9e        0x2 
 .text.Block_Function_LedOff
                0x0000000008008ca0       0x14 build/vendor.o
 .text.Block_Function_LedOn
                0x0000000008008cb4       0x14 build/vendor.o
 .text.blocks_initializeModule
                0x0000000008008cc8       0x44 build/vendor.o
                0x0000000008008cc8                blocks_initializeModule
 .text.blocks_main
                0x0000000008008d0c        0x2 build/vendor.o
                0x0000000008008d0c                blocks_main
 *fill*         0x0000000008008d0e        0x2 
 .text.memset   0x0000000008008d10       0x9c /usr/lib/gcc/arm-none-eabi/4.9.3/../../../arm-none-eabi/lib/armv7e-m/softfp/libc.a(lib_a-memset.o)
                0x0000000008008d10                memset
 *(.glue_7)
 .glue_7        0x0000000008008dac        0x0 linker stubs
 *(.glue_7t)
 .glue_7t       0x0000000008008dac        0x0 linker stubs
 *(.eh_frame)
 *(.init)
 *(.fini)
                0x0000000008008db0                . = ALIGN (0x8)
 *fill*         0x0000000008008dac        0x4 
                0x0000000008008db0                _etext = .

.vfp11_veneer   0x0000000008008db0        0x0
 .vfp11_veneer  0x0000000008008db0        0x0 linker stubs

.v4_bx          0x0000000008008db0        0x0
 .v4_bx         0x0000000008008db0        0x0 linker stubs

.iplt           0x0000000008008db0        0x0
 .iplt          0x0000000008008db0        0x0 lib/blocks/platform_STM32L4X6.o

.rodata         0x0000000008008db0      0x178
                0x0000000008008db0                . = ALIGN (0x8)
 *(.rodata)
 .rodata        0x0000000008008db0       0x80 lib/blocks/platform_STM32L4X6.o
 *(.rodata*)
 .rodata.str1.1
                0x0000000008008e30       0x97 lib/blocks/platform_STM32L4X6.o
 *fill*         0x0000000008008ec7        0x1 
 .rodata.blocks_standard_function_ids
                0x0000000008008ec8        0x6 lib/blocks/platform_STM32L4X6.o
                0x0000000008008ec8                blocks_standard_function_ids
 .rodata.CSWTCH.36
                0x0000000008008ece        0xd lib/stm/stm_STM32L4X6.o
 .rodata.CSWTCH.35
                0x0000000008008edb        0x4 lib/stm/stm_STM32L4X6.o
 .rodata.AHBPrescTable
                0x0000000008008edf       0x10 lib/stm/stm_STM32L4X6.o
                0x0000000008008edf                AHBPrescTable
 .rodata.APBPrescTable
                0x0000000008008eef        0x8 lib/stm/stm_STM32L4X6.o
                0x0000000008008eef                APBPrescTable
 *fill*         0x0000000008008ef7        0x1 
 .rodata.MSIRangeTable
                0x0000000008008ef8       0x30 lib/stm/stm_STM32L4X6.o
                0x0000000008008ef8                MSIRangeTable
                0x0000000008008f28                . = ALIGN (0x8)

.ARM.extab      0x0000000008008f28        0x0
                0x0000000008008f28                . = ALIGN (0x8)
 *(.ARM.extab* .gnu.linkonce.armextab.*)
                0x0000000008008f28                . = ALIGN (0x8)

.ARM            0x0000000008008f28        0x8
                0x0000000008008f28                . = ALIGN (0x8)
                0x0000000008008f28                __exidx_start = .
 *(.ARM.exidx*)
 .ARM.exidx     0x0000000008008f28        0x8 /usr/lib/gcc/arm-none-eabi/4.9.3/armv7e-m/softfp/libgcc.a(_divdi3.o)
 .ARM.exidx     0x0000000008008f30        0x0 /usr/lib/gcc/arm-none-eabi/4.9.3/armv7e-m/softfp/libgcc.a(_udivdi3.o)
                                          0x8 (size before relaxing)
                0x0000000008008f30                __exidx_end = .
                0x0000000008008f30                . = ALIGN (0x8)

.rel.dyn        0x0000000008008f30        0x0
 .rel.iplt      0x0000000008008f30        0x0 lib/blocks/platform_STM32L4X6.o

.preinit_array  0x0000000008008f30        0x0
                0x0000000008008f30                . = ALIGN (0x8)
                [!provide]                        PROVIDE (__preinit_array_start, .)
 *(.preinit_array*)
                [!provide]                        PROVIDE (__preinit_array_end, .)
                0x0000000008008f30                . = ALIGN (0x8)

.init_array     0x0000000008008f30        0x0
                0x0000000008008f30                . = ALIGN (0x8)
                [!provide]                        PROVIDE (__init_array_start, .)
 *(SORT(.init_array.*))
 *(.init_array*)
                [!provide]                        PROVIDE (__init_array_end, .)
                0x0000000008008f30                . = ALIGN (0x8)

.fini_array     0x0000000008008f30        0x0
                0x0000000008008f30                . = ALIGN (0x8)
                [!provide]                        PROVIDE (__fini_array_start, .)
 *(SORT(.fini_array.*))
 *(.fini_array*)
                [!provide]                        PROVIDE (__fini_array_end, .)
                0x0000000008008f30                . = ALIGN (0x8)

._bl_params     0x0000000020000000        0x0
                0x0000000020000000                _bl_params = .
                0x0000000008008f30                _sidata = LOADADDR (.data)

.data           0x0000000020000020      0x11c load address 0x0000000008008f30
                0x0000000020000020                . = ALIGN (0x8)
                0x0000000020000020                _sdata = .
 *(.data)
 *(.data*)
 .data.s_vendorfuncs
                0x0000000020000020        0x8 lib/blocks/platform_STM32L4X6.o
 .data.crc_engine
                0x0000000020000028       0x24 lib/blocks/platform_STM32L4X6.o
 .data.s_i2c_hdl
                0x000000002000004c       0xe4 lib/blocks/platform_STM32L4X6.o
                0x000000002000004c                s_i2c_hdl
 .data.g_max_ticks
                0x0000000020000130        0x4 lib/blocks/platform_STM32L4X6.o
                0x0000000020000130                g_max_ticks
 .data.SystemCoreClock
                0x0000000020000134        0x4 lib/stm/stm_STM32L4X6.o
                0x0000000020000134                SystemCoreClock
                0x0000000020000138                . = ALIGN (0x8)
                0x0000000020000138                _edata = .
                0x0000000020000138        0x4 LONG 0xba171b4e

.igot.plt       0x000000002000013c        0x0 load address 0x000000000800904c
 .igot.plt      0x000000002000013c        0x0 lib/blocks/platform_STM32L4X6.o
                0x000000002000013c                . = ALIGN (0x4)

.bss            0x000000002000013c      0xb18 load address 0x000000000800904c
                0x000000002000013c                _sbss = .
                0x000000002000013c                __bss_start__ = _sbss
 *(.bss)
 *(.bss*)
 .bss.msg_pool  0x000000002000013c        0xc lib/blocks/platform_STM32L4X6.o
 .bss.s_delay   0x0000000020000148       0x20 lib/blocks/platform_STM32L4X6.o
 .bss.s_module  0x0000000020000168      0x1a4 lib/blocks/platform_STM32L4X6.o
 .bss.g_cur_task_idx
                0x000000002000030c        0x4 lib/blocks/platform_STM32L4X6.o
                0x000000002000030c                g_cur_task_idx
 .bss.g_flag_schedule
                0x0000000020000310        0x4 lib/blocks/platform_STM32L4X6.o
                0x0000000020000310                g_flag_schedule
 .bss._inst.8795
                0x0000000020000314        0x4 lib/blocks/platform_STM32L4X6.o
 *(COMMON)
 COMMON         0x0000000020000318      0x91c lib/blocks/platform_STM32L4X6.o
                0x0000000020000318                huart1
                0x0000000020000388                g_stack
                0x0000000020000b88                g_cortex_regs
                0x0000000020000c28                blocks_standard_function_handlers
 COMMON         0x0000000020000c34       0x20 lib/stm/stm_STM32L4X6.o
                0x0000000020000c34                uwTick
                0x0000000020000c38                pFlash
                0x0000000020000c54                . = ALIGN (0x4)
                0x0000000020000c54                _ebss = .
                0x0000000020000c54                __bss_end__ = _ebss

._user_heap_stack
                0x0000000020000c54      0x604 load address 0x000000000800904c
                0x0000000020000c58                . = ALIGN (0x8)
 *fill*         0x0000000020000c54        0x4 
                [!provide]                        PROVIDE (end, .)
                [!provide]                        PROVIDE (_end, .)
                0x0000000020000c58                heap_low = .
                0x0000000020001058                . = (. + _Min_Heap_Size)
 *fill*         0x0000000020000c58      0x400 
                0x0000000020001058                heap_top = .
                0x0000000020001258                . = (. + _Min_Stack_Size)
 *fill*         0x0000000020001058      0x200 
                0x0000000020001258                . = ALIGN (0x8)

/DISCARD/
 libc.a(*)
 libm.a(*)
 libgcc.a(*)

.ARM.attributes
                0x0000000000000000       0x35
 *(.ARM.attributes)
 .ARM.attributes
                0x0000000000000000       0x33 lib/blocks/platform_STM32L4X6.o
 .ARM.attributes
                0x0000000000000033       0x33 lib/stm/stm_STM32L4X6.o
 .ARM.attributes
                0x0000000000000066       0x35 build/vendor.o
OUTPUT(build/fw.o elf32-littlearm)

.comment        0x0000000000000000       0x38
 .comment       0x0000000000000000       0x38 lib/blocks/platform_STM32L4X6.o
                                        0x1c8 (size before relaxing)
 .comment       0x0000000000000038      0x558 lib/stm/stm_STM32L4X6.o
 .comment       0x0000000000000038       0x39 build/vendor.o

.debug_aranges  0x0000000000000000      0xf30
 .debug_aranges
                0x0000000000000000      0x300 lib/blocks/platform_STM32L4X6.o
 .debug_aranges
                0x0000000000000300      0xbf8 lib/stm/stm_STM32L4X6.o
 .debug_aranges
                0x0000000000000ef8       0x38 build/vendor.o

.debug_info     0x0000000000000000    0x17be3
 .debug_info    0x0000000000000000     0x8383 lib/blocks/platform_STM32L4X6.o
 .debug_info    0x0000000000008383     0xf0e2 lib/stm/stm_STM32L4X6.o
 .debug_info    0x0000000000017465      0x77e build/vendor.o

.debug_abbrev   0x0000000000000000     0x41e1
 .debug_abbrev  0x0000000000000000     0x1555 lib/blocks/platform_STM32L4X6.o
 .debug_abbrev  0x0000000000001555     0x2a9a lib/stm/stm_STM32L4X6.o
 .debug_abbrev  0x0000000000003fef      0x1f2 build/vendor.o

.debug_line     0x0000000000000000     0xe8b1
 .debug_line    0x0000000000000000     0x2fd6 lib/blocks/platform_STM32L4X6.o
 .debug_line    0x0000000000002fd6     0xb3ac lib/stm/stm_STM32L4X6.o
 .debug_line    0x000000000000e382      0x52f build/vendor.o

.debug_frame    0x0000000000000000     0x2344
 .debug_frame   0x0000000000000000      0x6d4 lib/blocks/platform_STM32L4X6.o
 .debug_frame   0x00000000000006d4     0x1c00 lib/stm/stm_STM32L4X6.o
 .debug_frame   0x00000000000022d4       0x70 build/vendor.o

.debug_str      0x0000000000000000    0x98c64
 .debug_str     0x0000000000000000    0x95325 lib/blocks/platform_STM32L4X6.o
                                     0x4036fc (size before relaxing)
 .debug_str     0x0000000000095325     0x37c7 lib/stm/stm_STM32L4X6.o
                                     0xd5abd9 (size before relaxing)
 .debug_str     0x0000000000098aec      0x178 build/vendor.o
                                      0x91920 (size before relaxing)

.debug_loc      0x0000000000000000     0xb66a
 .debug_loc     0x0000000000000000     0x2442 lib/blocks/platform_STM32L4X6.o
 .debug_loc     0x0000000000002442     0x9207 lib/stm/stm_STM32L4X6.o
 .debug_loc     0x000000000000b649       0x21 build/vendor.o

.debug_ranges   0x0000000000000000     0x12e0
 .debug_ranges  0x0000000000000000      0x408 lib/blocks/platform_STM32L4X6.o
 .debug_ranges  0x0000000000000408      0xeb0 lib/stm/stm_STM32L4X6.o
 .debug_ranges  0x00000000000012b8       0x28 build/vendor.o

.debug_macro    0x0000000000000000    0x1aa27
 .debug_macro   0x0000000000000000     0x14ca lib/blocks/platform_STM32L4X6.o
 .debug_macro   0x00000000000014ca      0x87a lib/blocks/platform_STM32L4X6.o
 .debug_macro   0x0000000000001d44       0xa0 lib/blocks/platform_STM32L4X6.o
 .debug_macro   0x0000000000001de4       0x2e lib/blocks/platform_STM32L4X6.o
 .debug_macro   0x0000000000001e12       0x28 lib/blocks/platform_STM32L4X6.o
 .debug_macro   0x0000000000001e3a       0x22 lib/blocks/platform_STM32L4X6.o
 .debug_macro   0x0000000000001e5c       0x44 lib/blocks/platform_STM32L4X6.o
 .debug_macro   0x0000000000001ea0       0xe3 lib/blocks/platform_STM32L4X6.o
 .debug_macro   0x0000000000001f83       0x22 lib/blocks/platform_STM32L4X6.o
 .debug_macro   0x0000000000001fa5      0x1df lib/blocks/platform_STM32L4X6.o
 .debug_macro   0x0000000000002184       0x35 lib/blocks/platform_STM32L4X6.o
 .debug_macro   0x00000000000021b9       0x50 lib/blocks/platform_STM32L4X6.o
 .debug_macro   0x0000000000002209      0xe66 lib/blocks/platform_STM32L4X6.o
 .debug_macro   0x000000000000306f     0xb6c8 lib/blocks/platform_STM32L4X6.o
 .debug_macro   0x000000000000e737       0x43 lib/blocks/platform_STM32L4X6.o
 .debug_macro   0x000000000000e77a     0x3398 lib/blocks/platform_STM32L4X6.o
 .debug_macro   0x0000000000011b12       0x58 lib/blocks/platform_STM32L4X6.o
 .debug_macro   0x0000000000011b6a       0x35 lib/blocks/platform_STM32L4X6.o
 .debug_macro   0x0000000000011b9f       0x9c lib/blocks/platform_STM32L4X6.o
 .debug_macro   0x0000000000011c3b       0x16 lib/blocks/platform_STM32L4X6.o
 .debug_macro   0x0000000000011c51       0x97 lib/blocks/platform_STM32L4X6.o
 .debug_macro   0x0000000000011ce8      0x27a lib/blocks/platform_STM32L4X6.o
 .debug_macro   0x0000000000011f62       0xf6 lib/blocks/platform_STM32L4X6.o
 .debug_macro   0x0000000000012058       0x10 lib/blocks/platform_STM32L4X6.o
 .debug_macro   0x0000000000012068       0x52 lib/blocks/platform_STM32L4X6.o
 .debug_macro   0x00000000000120ba       0x16 lib/blocks/platform_STM32L4X6.o
 .debug_macro   0x00000000000120d0       0x43 lib/blocks/platform_STM32L4X6.o
 .debug_macro   0x0000000000012113      0x180 lib/blocks/platform_STM32L4X6.o
 .debug_macro   0x0000000000012293       0x10 lib/blocks/platform_STM32L4X6.o
 .debug_macro   0x00000000000122a3       0x22 lib/blocks/platform_STM32L4X6.o
 .debug_macro   0x00000000000122c5       0xbe lib/blocks/platform_STM32L4X6.o
 .debug_macro   0x0000000000012383       0x16 lib/blocks/platform_STM32L4X6.o
 .debug_macro   0x0000000000012399      0x197 lib/blocks/platform_STM32L4X6.o
 .debug_macro   0x0000000000012530       0x57 lib/blocks/platform_STM32L4X6.o
 .debug_macro   0x0000000000012587     0x1558 lib/blocks/platform_STM32L4X6.o
 .debug_macro   0x0000000000013adf      0x582 lib/blocks/platform_STM32L4X6.o
 .debug_macro   0x0000000000014061      0x148 lib/blocks/platform_STM32L4X6.o
 .debug_macro   0x00000000000141a9      0x171 lib/blocks/platform_STM32L4X6.o
 .debug_macro   0x000000000001431a      0x248 lib/blocks/platform_STM32L4X6.o
 .debug_macro   0x0000000000014562      0x23a lib/blocks/platform_STM32L4X6.o
 .debug_macro   0x000000000001479c      0x367 lib/blocks/platform_STM32L4X6.o
 .debug_macro   0x0000000000014b03       0x10 lib/blocks/platform_STM32L4X6.o
 .debug_macro   0x0000000000014b13       0xe4 lib/blocks/platform_STM32L4X6.o
 .debug_macro   0x0000000000014bf7       0xd5 lib/blocks/platform_STM32L4X6.o
 .debug_macro   0x0000000000014ccc       0x4d lib/blocks/platform_STM32L4X6.o
 .debug_macro   0x0000000000014d19      0x1fb lib/blocks/platform_STM32L4X6.o
 .debug_macro   0x0000000000014f14       0x53 lib/blocks/platform_STM32L4X6.o
 .debug_macro   0x0000000000014f67       0x9e lib/blocks/platform_STM32L4X6.o
 .debug_macro   0x0000000000015005      0x126 lib/blocks/platform_STM32L4X6.o
 .debug_macro   0x000000000001512b      0x3db lib/blocks/platform_STM32L4X6.o
 .debug_macro   0x0000000000015506      0x535 lib/blocks/platform_STM32L4X6.o
 .debug_macro   0x0000000000015a3b       0x44 lib/blocks/platform_STM32L4X6.o
 .debug_macro   0x0000000000015a7f      0x31a lib/blocks/platform_STM32L4X6.o
 .debug_macro   0x0000000000015d99       0x10 lib/blocks/platform_STM32L4X6.o
 .debug_macro   0x0000000000015da9       0x3a lib/blocks/platform_STM32L4X6.o
 .debug_macro   0x0000000000015de3       0x5a lib/blocks/platform_STM32L4X6.o
 .debug_macro   0x0000000000015e3d       0x1c lib/blocks/platform_STM32L4X6.o
 .debug_macro   0x0000000000015e59       0xd1 lib/blocks/platform_STM32L4X6.o
 .debug_macro   0x0000000000015f2a      0x16d lib/blocks/platform_STM32L4X6.o
 .debug_macro   0x0000000000016097       0x4a lib/blocks/platform_STM32L4X6.o
 .debug_macro   0x00000000000160e1       0x10 lib/blocks/platform_STM32L4X6.o
 .debug_macro   0x00000000000160f1       0x35 lib/blocks/platform_STM32L4X6.o
 .debug_macro   0x0000000000016126       0x58 lib/blocks/platform_STM32L4X6.o
 .debug_macro   0x000000000001617e       0x16 lib/blocks/platform_STM32L4X6.o
 .debug_macro   0x0000000000016194       0x16 lib/blocks/platform_STM32L4X6.o
 .debug_macro   0x00000000000161aa       0x16 lib/blocks/platform_STM32L4X6.o
 .debug_macro   0x00000000000161c0       0x16 lib/blocks/platform_STM32L4X6.o
 .debug_macro   0x00000000000161d6       0x29 lib/blocks/platform_STM32L4X6.o
 .debug_macro   0x00000000000161ff       0x16 lib/blocks/platform_STM32L4X6.o
 .debug_macro   0x0000000000016215      0x4f7 lib/blocks/platform_STM32L4X6.o
 .debug_macro   0x000000000001670c       0x10 lib/blocks/platform_STM32L4X6.o
 .debug_macro   0x000000000001671c      0x241 lib/blocks/platform_STM32L4X6.o
 .debug_macro   0x000000000001695d       0x3b lib/blocks/platform_STM32L4X6.o
 .debug_macro   0x0000000000016998       0x52 lib/blocks/platform_STM32L4X6.o
 .debug_macro   0x00000000000169ea       0x2e lib/blocks/platform_STM32L4X6.o
 .debug_macro   0x0000000000016a18     0x3d1f lib/stm/stm_STM32L4X6.o
 .debug_macro   0x000000000001a737      0x296 build/vendor.o
 .debug_macro   0x000000000001a9cd       0x5a build/vendor.o
