Archive member included to satisfy reference by file (symbol)

/usr/lib/gcc/arm-none-eabi/4.9.3/../../../arm-none-eabi/lib/armv6-m/libc.a(lib_a-memcpy.o)
                              lib/blocks/platform_STM32L0X2.o (memcpy)
/usr/lib/gcc/arm-none-eabi/4.9.3/../../../arm-none-eabi/lib/armv6-m/libc.a(lib_a-memset.o)
                              lib/blocks/platform_STM32L0X2.o (memset)
/usr/lib/gcc/arm-none-eabi/4.9.3/armv6-m/libgcc.a(_thumb1_case_uqi.o)
                              lib/stm/stm_STM32L0X2.o (__gnu_thumb1_case_uqi)
/usr/lib/gcc/arm-none-eabi/4.9.3/armv6-m/libgcc.a(_udivsi3.o)
                              lib/blocks/platform_STM32L0X2.o (__aeabi_uidiv)
/usr/lib/gcc/arm-none-eabi/4.9.3/armv6-m/libgcc.a(_dvmd_tls.o)
                              /usr/lib/gcc/arm-none-eabi/4.9.3/armv6-m/libgcc.a(_udivsi3.o) (__aeabi_idiv0)
/usr/lib/gcc/arm-none-eabi/4.9.3/armv6-m/libgcc.a(_fixunsdfsi.o)
                              lib/stm/stm_STM32L0X2.o (__aeabi_d2uiz)
/usr/lib/gcc/arm-none-eabi/4.9.3/armv6-m/libgcc.a(divdf3.o)
                              lib/stm/stm_STM32L0X2.o (__aeabi_ddiv)
/usr/lib/gcc/arm-none-eabi/4.9.3/armv6-m/libgcc.a(muldf3.o)
                              lib/stm/stm_STM32L0X2.o (__aeabi_dmul)
/usr/lib/gcc/arm-none-eabi/4.9.3/armv6-m/libgcc.a(subdf3.o)
                              /usr/lib/gcc/arm-none-eabi/4.9.3/armv6-m/libgcc.a(_fixunsdfsi.o) (__aeabi_dsub)
/usr/lib/gcc/arm-none-eabi/4.9.3/armv6-m/libgcc.a(fixdfsi.o)
                              /usr/lib/gcc/arm-none-eabi/4.9.3/armv6-m/libgcc.a(_fixunsdfsi.o) (__aeabi_d2iz)
/usr/lib/gcc/arm-none-eabi/4.9.3/armv6-m/libgcc.a(floatunsidf.o)
                              lib/stm/stm_STM32L0X2.o (__aeabi_ui2d)
/usr/lib/gcc/arm-none-eabi/4.9.3/armv6-m/libgcc.a(_arm_cmpdf2.o)
                              /usr/lib/gcc/arm-none-eabi/4.9.3/armv6-m/libgcc.a(_fixunsdfsi.o) (__aeabi_dcmpge)
/usr/lib/gcc/arm-none-eabi/4.9.3/armv6-m/libgcc.a(_clzsi2.o)
                              /usr/lib/gcc/arm-none-eabi/4.9.3/armv6-m/libgcc.a(divdf3.o) (__clzsi2)
/usr/lib/gcc/arm-none-eabi/4.9.3/armv6-m/libgcc.a(eqdf2.o)
                              /usr/lib/gcc/arm-none-eabi/4.9.3/armv6-m/libgcc.a(_arm_cmpdf2.o) (__eqdf2)
/usr/lib/gcc/arm-none-eabi/4.9.3/armv6-m/libgcc.a(gedf2.o)
                              /usr/lib/gcc/arm-none-eabi/4.9.3/armv6-m/libgcc.a(_arm_cmpdf2.o) (__gedf2)
/usr/lib/gcc/arm-none-eabi/4.9.3/armv6-m/libgcc.a(ledf2.o)
                              /usr/lib/gcc/arm-none-eabi/4.9.3/armv6-m/libgcc.a(_arm_cmpdf2.o) (__ledf2)

Allocating common symbols
Common symbol       size              file

ProcFlash           0x18              lib/stm/stm_STM32L0X2.o
huart1              0x70              lib/blocks/platform_STM32L0X2.o
g_stack             0x800             lib/blocks/platform_STM32L0X2.o
g_cortex_regs       0xa0              lib/blocks/platform_STM32L0X2.o
blocks_standard_function_handlers
                    0xc               lib/blocks/platform_STM32L0X2.o

Discarded input sections

 .group         0x0000000000000000        0x8 lib/blocks/platform_STM32L0X2.o
 .group         0x0000000000000000        0x8 lib/blocks/platform_STM32L0X2.o
 .group         0x0000000000000000        0x8 lib/blocks/platform_STM32L0X2.o
 .group         0x0000000000000000        0x8 lib/blocks/platform_STM32L0X2.o
 .group         0x0000000000000000        0x8 lib/blocks/platform_STM32L0X2.o
 .group         0x0000000000000000        0x8 lib/blocks/platform_STM32L0X2.o
 .group         0x0000000000000000        0x8 lib/blocks/platform_STM32L0X2.o
 .group         0x0000000000000000        0x8 lib/blocks/platform_STM32L0X2.o
 .group         0x0000000000000000        0x8 lib/blocks/platform_STM32L0X2.o
 .group         0x0000000000000000        0x8 lib/blocks/platform_STM32L0X2.o
 .group         0x0000000000000000        0x8 lib/blocks/platform_STM32L0X2.o
 .group         0x0000000000000000        0x8 lib/blocks/platform_STM32L0X2.o
 .group         0x0000000000000000        0x8 lib/blocks/platform_STM32L0X2.o
 .group         0x0000000000000000        0x8 lib/blocks/platform_STM32L0X2.o
 .group         0x0000000000000000        0x8 lib/blocks/platform_STM32L0X2.o
 .group         0x0000000000000000        0x8 lib/blocks/platform_STM32L0X2.o
 .group         0x0000000000000000        0x8 lib/blocks/platform_STM32L0X2.o
 .group         0x0000000000000000        0x8 lib/blocks/platform_STM32L0X2.o
 .group         0x0000000000000000        0x8 lib/blocks/platform_STM32L0X2.o
 .group         0x0000000000000000        0x8 lib/blocks/platform_STM32L0X2.o
 .group         0x0000000000000000        0x8 lib/blocks/platform_STM32L0X2.o
 .group         0x0000000000000000        0x8 lib/blocks/platform_STM32L0X2.o
 .group         0x0000000000000000        0x8 lib/blocks/platform_STM32L0X2.o
 .group         0x0000000000000000        0x8 lib/blocks/platform_STM32L0X2.o
 .group         0x0000000000000000        0x8 lib/blocks/platform_STM32L0X2.o
[...]
Memory Configuration

Name             Origin             Length             Attributes
BOOTLOADER       0x0000000008000000 0x0000000000005000 xr
FIRMWARE         0x0000000008005000 0x000000000000af80 xr
PARAM            0x0000000020000000 0x0000000000000020 rw
RAM              0x0000000020000020 0x0000000000001fe0 xrw
*default*        0x0000000000000000 0xffffffffffffffff

Linker script and memory map

LOAD lib/blocks/platform_STM32L0X2.o
LOAD lib/stm/stm_STM32L0X2.o
LOAD build/vendor.o
                0x0000000020002000                _estack = 0x20002000
                0x0000000000000400                _Min_Heap_Size = 0x400
                0x0000000000000200                _Min_Stack_Size = 0x200

.isr_vector     0x0000000008005000       0xc0
                0x0000000008005000                . = ALIGN (0x4)
                0x0000000008005000                _isr_vector_start = .
 *(.isr_vector)
 .isr_vector    0x0000000008005000       0xc0 lib/stm/stm_STM32L0X2.o
                0x0000000008005000                g_pfnVectors
                0x00000000080050c0                . = ALIGN (0x4)
                0x00000000080050c0                _isr_vector_end = .

.module_info    0x00000000080050c0       0x8c
                0x00000000080050c0                . = ALIGN (0x4)
                0x00000000080050c0                _module_info_start = .
                0x00000000080050c0        0x4 LONG 0xda7ada7a
                0x00000000080050d0                . = (. + 0xc)
 *fill*         0x00000000080050c4        0xc 
                0x00000000080050d0                _module_info_end = .
                0x00000000080050d0                _vendor_info_start = .
 *(.vendor_info)
 .vendor_info   0x00000000080050d0       0x7c lib/blocks/platform_STM32L0X2.o
                0x00000000080050d0                blocks_module_info
                0x000000000800514c                _vendor_info_end = .

.text           0x000000000800514c     0x4444
                0x000000000800514c                . = ALIGN (0x4)
 *(.text)
 .text          0x000000000800514c       0x58 lib/blocks/platform_STM32L0X2.o
                0x0000000008005194                SysTick_Handler
                0x000000000800519e                PendSV_Handler
 .text          0x00000000080051a4       0x14 /usr/lib/gcc/arm-none-eabi/4.9.3/armv6-m/libgcc.a(_thumb1_case_uqi.o)
                0x00000000080051a4                __gnu_thumb1_case_uqi
 .text          0x00000000080051b8      0x120 /usr/lib/gcc/arm-none-eabi/4.9.3/armv6-m/libgcc.a(_udivsi3.o)
                0x00000000080051b8                __udivsi3
                0x00000000080051b8                __aeabi_uidiv
                0x00000000080052c4                __aeabi_uidivmod
 .text          0x00000000080052d8        0x4 /usr/lib/gcc/arm-none-eabi/4.9.3/armv6-m/libgcc.a(_dvmd_tls.o)
                0x00000000080052d8                __aeabi_ldiv0
                0x00000000080052d8                __aeabi_idiv0
 .text          0x00000000080052dc       0x3c /usr/lib/gcc/arm-none-eabi/4.9.3/armv6-m/libgcc.a(_fixunsdfsi.o)
                0x00000000080052dc                __fixunsdfsi
                0x00000000080052dc                __aeabi_d2uiz
 .text          0x0000000008005318      0x648 /usr/lib/gcc/arm-none-eabi/4.9.3/armv6-m/libgcc.a(divdf3.o)
                0x0000000008005318                __aeabi_ddiv
 .text          0x0000000008005960      0x534 /usr/lib/gcc/arm-none-eabi/4.9.3/armv6-m/libgcc.a(muldf3.o)
                0x0000000008005960                __aeabi_dmul
 .text          0x0000000008005e94      0x6f4 /usr/lib/gcc/arm-none-eabi/4.9.3/armv6-m/libgcc.a(subdf3.o)
                0x0000000008005e94                __aeabi_dsub
 .text          0x0000000008006588       0x6c /usr/lib/gcc/arm-none-eabi/4.9.3/armv6-m/libgcc.a(fixdfsi.o)
                0x0000000008006588                __aeabi_d2iz
 .text          0x00000000080065f4       0x64 /usr/lib/gcc/arm-none-eabi/4.9.3/armv6-m/libgcc.a(floatunsidf.o)
                0x00000000080065f4                __aeabi_ui2d
 .text          0x0000000008006658       0x7c /usr/lib/gcc/arm-none-eabi/4.9.3/armv6-m/libgcc.a(_arm_cmpdf2.o)
                0x0000000008006658                __aeabi_cdrcmple
                0x0000000008006668                __aeabi_cdcmple
                0x0000000008006668                __aeabi_cdcmpeq
                0x0000000008006678                __aeabi_dcmpeq
                0x0000000008006684                __aeabi_dcmplt
                0x0000000008006698                __aeabi_dcmple
                0x00000000080066ac                __aeabi_dcmpgt
                0x00000000080066c0                __aeabi_dcmpge
 .text          0x00000000080066d4       0x3c /usr/lib/gcc/arm-none-eabi/4.9.3/armv6-m/libgcc.a(_clzsi2.o)
                0x00000000080066d4                __clzsi2
 .text          0x0000000008006710       0x88 /usr/lib/gcc/arm-none-eabi/4.9.3/armv6-m/libgcc.a(eqdf2.o)
                0x0000000008006710                __eqdf2
                0x0000000008006710                __nedf2
 .text          0x0000000008006798       0xe0 /usr/lib/gcc/arm-none-eabi/4.9.3/armv6-m/libgcc.a(gedf2.o)
                0x0000000008006798                __gtdf2
                0x0000000008006798                __gedf2
 .text          0x0000000008006878       0xcc /usr/lib/gcc/arm-none-eabi/4.9.3/armv6-m/libgcc.a(ledf2.o)
                0x0000000008006878                __ltdf2
                0x0000000008006878                __ledf2
 *(.text*)
 .text.blocks_updateBackgroundTask
                0x0000000008006944        0x2 lib/blocks/platform_STM32L0X2.o
                0x0000000008006944                blocks_updateBackgroundTask
 .text.tick_listener
                0x0000000008006946        0xc lib/blocks/platform_STM32L0X2.o
 *fill*         0x0000000008006952        0x2 
 .text.blocks_registerStdFunc
                0x0000000008006954       0x24 lib/blocks/platform_STM32L0X2.o
                0x0000000008006954                blocks_registerStdFunc
 .text.startup.main
                0x0000000008006978       0x94 lib/blocks/platform_STM32L0X2.o
                0x0000000008006978                main
 .text.SystemClock_Config
                0x0000000008006a0c       0xa4 lib/blocks/platform_STM32L0X2.o
                0x0000000008006a0c                SystemClock_Config
 .text.crc_init
                0x0000000008006ab0       0x10 lib/blocks/platform_STM32L0X2.o
                0x0000000008006ab0                crc_init
 .text.crc_compute
                0x0000000008006ac0       0x18 lib/blocks/platform_STM32L0X2.o
                0x0000000008006ac0                crc_compute
 .text.HAL_CRC_MspInit
                0x0000000008006ad8       0x20 lib/blocks/platform_STM32L0X2.o
                0x0000000008006ad8                HAL_CRC_MspInit
 .text.reset_i2c_reg
                0x0000000008006af8       0x70 lib/blocks/platform_STM32L0X2.o
 .text.notify_i2c
                0x0000000008006b68       0xa6 lib/blocks/platform_STM32L0X2.o
 *fill*         0x0000000008006c0e        0x2 
 .text.i2c_timings
                0x0000000008006c10       0x1c lib/blocks/platform_STM32L0X2.o
                0x0000000008006c10                i2c_timings
 .text.module_i2c_set_addr
                0x0000000008006c2c       0x50 lib/blocks/platform_STM32L0X2.o
                0x0000000008006c2c                module_i2c_set_addr
 .text.module_i2c_enable
                0x0000000008006c7c       0x58 lib/blocks/platform_STM32L0X2.o
                0x0000000008006c7c                module_i2c_enable
 .text.module_i2c_is_busy
                0x0000000008006cd4        0xa lib/blocks/platform_STM32L0X2.o
                0x0000000008006cd4                module_i2c_is_busy
 *fill*         0x0000000008006cde        0x2 
 .text.module_i2c_get_handle
                0x0000000008006ce0       0x98 lib/blocks/platform_STM32L0X2.o
                0x0000000008006ce0                module_i2c_get_handle
 .text.module_i2c_irq_handler
                0x0000000008006d78      0x320 lib/blocks/platform_STM32L0X2.o
                0x0000000008006d78                module_i2c_irq_handler
 .text.module_i2c_register_listener
                0x0000000008007098       0x1c lib/blocks/platform_STM32L0X2.o
                0x0000000008007098                module_i2c_register_listener
 .text.module_i2c_wait_host_data
                0x00000000080070b4       0x52 lib/blocks/platform_STM32L0X2.o
                0x00000000080070b4                module_i2c_wait_host_data
 *fill*         0x0000000008007106        0x2 
 .text.module_i2c_enable_gpio
                0x0000000008007108       0x34 lib/blocks/platform_STM32L0X2.o
                0x0000000008007108                module_i2c_enable_gpio
 .text.module_i2c_reset_handle
                0x000000000800713c       0x30 lib/blocks/platform_STM32L0X2.o
                0x000000000800713c                module_i2c_reset_handle
 .text.module_i2c_resume_irq
                0x000000000800716c       0x28 lib/blocks/platform_STM32L0X2.o
                0x000000000800716c                module_i2c_resume_irq
 .text.module_i2c_restart
                0x0000000008007194       0x30 lib/blocks/platform_STM32L0X2.o
                0x0000000008007194                module_i2c_restart
 .text.module_i2c_delay_action
                0x00000000080071c4       0x1c lib/blocks/platform_STM32L0X2.o
                0x00000000080071c4                module_i2c_delay_action
 .text.MX_GPIO_Init
                0x00000000080071e0       0x88 lib/blocks/platform_STM32L0X2.o
                0x00000000080071e0                MX_GPIO_Init
 .text.MX_USART1_UART_Init
                0x0000000008007268       0x30 lib/blocks/platform_STM32L0X2.o
                0x0000000008007268                MX_USART1_UART_Init
 .text.HAL_UART_MspInit
                0x0000000008007298       0x44 lib/blocks/platform_STM32L0X2.o
                0x0000000008007298                HAL_UART_MspInit
 .text._putc.4016
                0x00000000080072dc       0x24 lib/blocks/platform_STM32L0X2.o
 .text._puts.4020
                0x0000000008007300       0x32 lib/blocks/platform_STM32L0X2.o
 .text.mini_itoa.part.0
                0x0000000008007332       0x90 lib/blocks/platform_STM32L0X2.o
 .text.mini_vsnprintf
                0x00000000080073c2       0xfc lib/blocks/platform_STM32L0X2.o
                0x00000000080073c2                mini_vsnprintf
 .text.mini_snprintf
                0x00000000080074be       0x16 lib/blocks/platform_STM32L0X2.o
                0x00000000080074be                mini_snprintf
 .text.NVIC_SystemReset
                0x00000000080074d4       0x1c lib/blocks/platform_STM32L0X2.o
 .text.module_get_fw_version
                0x00000000080074f0       0x16 lib/blocks/platform_STM32L0X2.o
 .text.module_set_fw_version
                0x0000000008007506       0x10 lib/blocks/platform_STM32L0X2.o
 .text.module_set_modelid
                0x0000000008007516       0x10 lib/blocks/platform_STM32L0X2.o
 .text.module_set_std_functions
                0x0000000008007526       0x1a lib/blocks/platform_STM32L0X2.o
 .text.module_set_ubmid
                0x0000000008007540       0x10 lib/blocks/platform_STM32L0X2.o
 .text.module_get_ubmid
                0x0000000008007550       0x16 lib/blocks/platform_STM32L0X2.o
 .text.module_set_addr
                0x0000000008007566       0x1a lib/blocks/platform_STM32L0X2.o
 .text.module_get_addr
                0x0000000008007580       0x20 lib/blocks/platform_STM32L0X2.o
 .text.module_set_async
                0x00000000080075a0       0x16 lib/blocks/platform_STM32L0X2.o
 .text.module_set_tick_listener
                0x00000000080075b6       0x14 lib/blocks/platform_STM32L0X2.o
 .text.module_release_message
                0x00000000080075ca       0x32 lib/blocks/platform_STM32L0X2.o
 .text.module_get_hw_buffer
                0x00000000080075fc       0x18 lib/blocks/platform_STM32L0X2.o
 .text.return_from_execute_func
                0x0000000008007614       0x1c lib/blocks/platform_STM32L0X2.o
                0x0000000008007614                return_from_execute_func
 .text.module_reboot
                0x0000000008007630       0x12 lib/blocks/platform_STM32L0X2.o
 *fill*         0x0000000008007642        0x2 
 .text.module_notify_corehub_internal
                0x0000000008007644       0x44 lib/blocks/platform_STM32L0X2.o
 .text.module_wait_message
                0x0000000008007688      0x108 lib/blocks/platform_STM32L0X2.o
 .text.module_stop
                0x0000000008007790       0x52 lib/blocks/platform_STM32L0X2.o
 *fill*         0x00000000080077e2        0x2 
 .text.module_start
                0x00000000080077e4       0x4c lib/blocks/platform_STM32L0X2.o
 .text.module_teardown
                0x0000000008007830       0x48 lib/blocks/platform_STM32L0X2.o
 .text.module_notify_corehub
                0x0000000008007878       0x20 lib/blocks/platform_STM32L0X2.o
 .text.execute_func
                0x0000000008007898      0x120 lib/blocks/platform_STM32L0X2.o
                0x0000000008007898                execute_func
 .text.module_i2c_callback
                0x00000000080079b8      0x4f8 lib/blocks/platform_STM32L0X2.o
 .text.task_schedule
                0x0000000008007eb0       0xb4 lib/blocks/platform_STM32L0X2.o
                0x0000000008007eb0                task_schedule
 .text.module_get_instance
                0x0000000008007f64      0x19c lib/blocks/platform_STM32L0X2.o
                0x0000000008007f64                module_get_instance
 .text.HAL_GPIO_Init
                0x0000000008008100      0x16c lib/stm/stm_STM32L0X2.o
                0x0000000008008100                HAL_GPIO_Init
 .text.HAL_GPIO_DeInit
                0x000000000800826c       0xf0 lib/stm/stm_STM32L0X2.o
                0x000000000800826c                HAL_GPIO_DeInit
 .text.HAL_GPIO_WritePin
                0x000000000800835c        0xc lib/stm/stm_STM32L0X2.o
                0x000000000800835c                HAL_GPIO_WritePin
 .text.HAL_MspInit
                0x0000000008008368       0x24 lib/stm/stm_STM32L0X2.o
                0x000000000800836c                HAL_MspInit
 .text.HAL_InitTick
                0x000000000800838c       0x24 lib/stm/stm_STM32L0X2.o
                0x000000000800838c                HAL_InitTick
 .text.HAL_Init
                0x00000000080083b0       0x20 lib/stm/stm_STM32L0X2.o
                0x00000000080083b0                HAL_Init
 .text.HAL_IncTick
                0x00000000080083d0       0x10 lib/stm/stm_STM32L0X2.o
                0x00000000080083d0                HAL_IncTick
 .text.HAL_GetTick
                0x00000000080083e0        0xc lib/stm/stm_STM32L0X2.o
                0x00000000080083e0                HAL_GetTick
 .text.HAL_RCCEx_PeriphCLKConfig
                0x00000000080083ec      0x170 lib/stm/stm_STM32L0X2.o
                0x00000000080083ec                HAL_RCCEx_PeriphCLKConfig
 .text.CRC_Handle_8
                0x000000000800855c       0x54 lib/stm/stm_STM32L0X2.o
 .text.CRC_Handle_16
                0x00000000080085b0       0x2e lib/stm/stm_STM32L0X2.o
 *fill*         0x00000000080085de        0x2 
 .text.HAL_CRC_Init
                0x00000000080085e0       0x78 lib/stm/stm_STM32L0X2.o
                0x00000000080085e0                HAL_CRC_Init
 .text.HAL_CRC_Calculate
                0x0000000008008658       0x58 lib/stm/stm_STM32L0X2.o
                0x0000000008008658                HAL_CRC_Calculate
 .text.HAL_CRCEx_Polynomial_Set
                0x00000000080086b0       0x5a lib/stm/stm_STM32L0X2.o
                0x00000000080086b0                HAL_CRCEx_Polynomial_Set
 *fill*         0x000000000800870a        0x2 
 .text.HAL_RCC_OscConfig
                0x000000000800870c      0x480 lib/stm/stm_STM32L0X2.o
                0x000000000800870c                HAL_RCC_OscConfig
 .text.HAL_RCC_ClockConfig
                0x0000000008008b8c      0x150 lib/stm/stm_STM32L0X2.o
                0x0000000008008b8c                HAL_RCC_ClockConfig
 .text.HAL_RCC_GetSysClockFreq
                0x0000000008008cdc       0x88 lib/stm/stm_STM32L0X2.o
                0x0000000008008cdc                HAL_RCC_GetSysClockFreq
 .text.HAL_RCC_GetHCLKFreq
                0x0000000008008d64       0x28 lib/stm/stm_STM32L0X2.o
                0x0000000008008d64                HAL_RCC_GetHCLKFreq
 .text.HAL_RCC_GetPCLK1Freq
                0x0000000008008d8c       0x20 lib/stm/stm_STM32L0X2.o
                0x0000000008008d8c                HAL_RCC_GetPCLK1Freq
 .text.HAL_RCC_GetPCLK2Freq
                0x0000000008008dac       0x20 lib/stm/stm_STM32L0X2.o
                0x0000000008008dac                HAL_RCC_GetPCLK2Freq
 .text.HAL_NVIC_SetPriority
                0x0000000008008dcc       0x64 lib/stm/stm_STM32L0X2.o
                0x0000000008008dcc                HAL_NVIC_SetPriority
 .text.HAL_NVIC_EnableIRQ
                0x0000000008008e30       0x14 lib/stm/stm_STM32L0X2.o
                0x0000000008008e30                HAL_NVIC_EnableIRQ
 .text.HAL_NVIC_DisableIRQ
                0x0000000008008e44       0x14 lib/stm/stm_STM32L0X2.o
                0x0000000008008e44                HAL_NVIC_DisableIRQ
 .text.HAL_SYSTICK_Config
                0x0000000008008e58       0x34 lib/stm/stm_STM32L0X2.o
                0x0000000008008e58                HAL_SYSTICK_Config
 .text.HAL_SYSTICK_CLKSourceConfig
                0x0000000008008e8c       0x1c lib/stm/stm_STM32L0X2.o
                0x0000000008008e8c                HAL_SYSTICK_CLKSourceConfig
 .text.UART_SetConfig
                0x0000000008008ea8      0x1e8 lib/stm/stm_STM32L0X2.o
                0x0000000008008ea8                UART_SetConfig
 .text.UART_AdvFeatureConfig
                0x0000000008009090       0xd0 lib/stm/stm_STM32L0X2.o
                0x0000000008009090                UART_AdvFeatureConfig
 .text.UART_WaitOnFlagUntilTimeout
                0x0000000008009160       0x90 lib/stm/stm_STM32L0X2.o
                0x0000000008009160                UART_WaitOnFlagUntilTimeout
 .text.HAL_UART_Transmit
                0x00000000080091f0       0xb8 lib/stm/stm_STM32L0X2.o
                0x00000000080091f0                HAL_UART_Transmit
 .text.UART_CheckIdleState
                0x00000000080092a8       0x54 lib/stm/stm_STM32L0X2.o
                0x00000000080092a8                UART_CheckIdleState
 .text.HAL_UART_Init
                0x00000000080092fc       0x68 lib/stm/stm_STM32L0X2.o
                0x00000000080092fc                HAL_UART_Init
 .text.SystemInit
                0x0000000008009364       0x50 lib/stm/stm_STM32L0X2.o
                0x0000000008009364                SystemInit
 .text.I2C1_IRQHandler
                0x00000000080093b4       0x10 lib/stm/stm_STM32L0X2.o
                0x00000000080093b4                I2C1_IRQHandler
 .text.HardFault_Handler
                0x00000000080093c4        0x2 lib/stm/stm_STM32L0X2.o
                0x00000000080093c4                HardFault_Handler
 *fill*         0x00000000080093c6        0x2 
 .text.Reset_Handler
                0x00000000080093c8       0x4c lib/stm/stm_STM32L0X2.o
                0x00000000080093c8                Reset_Handler
 .text.Default_Handler
                0x0000000008009414        0x2 lib/stm/stm_STM32L0X2.o
                0x0000000008009414                TSC_IRQHandler
                0x0000000008009414                ADC1_COMP_IRQHandler
                0x0000000008009414                PVD_IRQHandler
                0x0000000008009414                NMI_Handler
                0x0000000008009414                RCC_CRS_IRQHandler
                0x0000000008009414                SPI1_IRQHandler
                0x0000000008009414                TIM6_DAC_IRQHandler
                0x0000000008009414                EXTI2_3_IRQHandler
                0x0000000008009414                I2C2_IRQHandler
                0x0000000008009414                RTC_IRQHandler
                0x0000000008009414                DMA1_Channel4_5_6_7_IRQHandler
                0x0000000008009414                EXTI4_15_IRQHandler
                0x0000000008009414                DMA1_Channel1_IRQHandler
                0x0000000008009414                Default_Handler
                0x0000000008009414                TIM22_IRQHandler
                0x0000000008009414                EXTI0_1_IRQHandler
                0x0000000008009414                USB_IRQHandler
                0x0000000008009414                SPI2_IRQHandler
                0x0000000008009414                SVC_Handler
                0x0000000008009414                TIM21_IRQHandler
                0x0000000008009414                WWDG_IRQHandler
                0x0000000008009414                TIM2_IRQHandler
                0x0000000008009414                DMA1_Channel2_3_IRQHandler
                0x0000000008009414                USART2_IRQHandler
                0x0000000008009414                FLASH_IRQHandler
                0x0000000008009414                USART1_IRQHandler
                0x0000000008009414                RNG_LPUART1_IRQHandler
                0x0000000008009414                LPTIM1_IRQHandler
 *fill*         0x0000000008009416        0x2 
 .text.Block_Function_LedOff
                0x0000000008009418       0x14 build/vendor.o
 .text.Block_Function_LedOn
                0x000000000800942c       0x14 build/vendor.o
 .text.blocks_initializeModule
                0x0000000008009440       0x44 build/vendor.o
                0x0000000008009440                blocks_initializeModule
 .text.blocks_main
                0x0000000008009484        0x2 build/vendor.o
                0x0000000008009484                blocks_main
 *fill*         0x0000000008009486        0x2 
 .text.memcpy   0x0000000008009488       0x7c /usr/lib/gcc/arm-none-eabi/4.9.3/../../../arm-none-eabi/lib/armv6-m/libc.a(lib_a-memcpy.o)
                0x0000000008009488                memcpy
 .text.memset   0x0000000008009504       0x8c /usr/lib/gcc/arm-none-eabi/4.9.3/../../../arm-none-eabi/lib/armv6-m/libc.a(lib_a-memset.o)
                0x0000000008009504                memset
 *(.glue_7)
 .glue_7        0x0000000008009590        0x0 linker stubs
 *(.glue_7t)
 .glue_7t       0x0000000008009590        0x0 linker stubs
 *(.eh_frame)
 *(.init)
 *(.fini)
                0x0000000008009590                . = ALIGN (0x4)
                0x0000000008009590                _etext = .

.vfp11_veneer   0x0000000008009590        0x0
 .vfp11_veneer  0x0000000008009590        0x0 linker stubs

.v4_bx          0x0000000008009590        0x0
 .v4_bx         0x0000000008009590        0x0 linker stubs

.iplt           0x0000000008009590        0x0
 .iplt          0x0000000008009590        0x0 lib/blocks/platform_STM32L0X2.o

.rodata         0x0000000008009590      0x1c4
                0x0000000008009590                . = ALIGN (0x4)
 *(.rodata)
 .rodata        0x0000000008009590       0x80 lib/blocks/platform_STM32L0X2.o
 .rodata        0x0000000008009610       0x40 /usr/lib/gcc/arm-none-eabi/4.9.3/armv6-m/libgcc.a(divdf3.o)
 .rodata        0x0000000008009650       0x40 /usr/lib/gcc/arm-none-eabi/4.9.3/armv6-m/libgcc.a(muldf3.o)
 *(.rodata*)
 .rodata.str1.1
                0x0000000008009690       0x97 lib/blocks/platform_STM32L0X2.o
 *fill*         0x0000000008009727        0x1 
 .rodata.blocks_standard_function_ids
                0x0000000008009728        0x6 lib/blocks/platform_STM32L0X2.o
                0x0000000008009728                blocks_standard_function_ids
 .rodata.APBAHBPrescTable
                0x000000000800972e       0x10 lib/stm/stm_STM32L0X2.o
 .rodata.CSWTCH.36
                0x000000000800973e        0x9 lib/stm/stm_STM32L0X2.o
 .rodata.CSWTCH.35
                0x0000000008009747        0x4 lib/stm/stm_STM32L0X2.o
 .rodata.PLLMulTable
                0x000000000800974b        0x9 lib/stm/stm_STM32L0X2.o
                0x000000000800974b                PLLMulTable
                0x0000000008009754                . = ALIGN (0x4)

.rel.dyn        0x0000000008009754        0x0
 .rel.iplt      0x0000000008009754        0x0 lib/blocks/platform_STM32L0X2.o

.ARM.extab
 *(.ARM.extab* .gnu.linkonce.armextab.*)

.ARM            0x0000000008009754        0x0
                0x0000000008009754                __exidx_start = .
 *(.ARM.exidx*)
                0x0000000008009754                __exidx_end = .

.preinit_array  0x0000000008009754        0x0
                [!provide]                        PROVIDE (__preinit_array_start, .)
 *(.preinit_array*)
                [!provide]                        PROVIDE (__preinit_array_end, .)

.init_array     0x0000000008009754        0x0
                [!provide]                        PROVIDE (__init_array_start, .)
 *(SORT(.init_array.*))
 *(.init_array*)
                [!provide]                        PROVIDE (__init_array_end, .)

.fini_array     0x0000000008009754        0x0
                [!provide]                        PROVIDE (__fini_array_start, .)
 *(SORT(.fini_array.*))
 *(.fini_array*)
                [!provide]                        PROVIDE (__fini_array_end, .)

._bl_params     0x0000000020000000        0x0
                0x0000000020000000                _bl_params = .
                0x0000000008009754                _sidata = LOADADDR (.data)

.data           0x0000000020000020       0xd0 load address 0x0000000008009754
                0x0000000020000020                . = ALIGN (0x4)
                0x0000000020000020                _sdata = .
 *(.data)
 *(.data*)
 .data.s_vendorfuncs
                0x0000000020000020        0x8 lib/blocks/platform_STM32L0X2.o
 .data.crc_engine
                0x0000000020000028       0x24 lib/blocks/platform_STM32L0X2.o
 .data.s_i2c_hdl
                0x000000002000004c       0x98 lib/blocks/platform_STM32L0X2.o
                0x000000002000004c                s_i2c_hdl
 .data.g_max_ticks
                0x00000000200000e4        0x4 lib/blocks/platform_STM32L0X2.o
                0x00000000200000e4                g_max_ticks
 .data.SystemCoreClock
                0x00000000200000e8        0x4 lib/stm/stm_STM32L0X2.o
                0x00000000200000e8                SystemCoreClock
                0x00000000200000ec                . = ALIGN (0x4)
                0x00000000200000ec                _edata = .
                0x00000000200000ec        0x4 LONG 0xba171b4e

.igot.plt       0x00000000200000f0        0x0 load address 0x0000000008009824
 .igot.plt      0x00000000200000f0        0x0 lib/blocks/platform_STM32L0X2.o
                0x00000000200000f0                . = ALIGN (0x4)

.bss            0x00000000200000f0      0xafc load address 0x0000000008009824
                0x00000000200000f0                _sbss = .
                0x00000000200000f0                __bss_start__ = _sbss
 *(.bss)
 *(.bss*)
 .bss.msg_pool  0x00000000200000f0        0xc lib/blocks/platform_STM32L0X2.o
 .bss.s_delay   0x00000000200000fc       0x20 lib/blocks/platform_STM32L0X2.o
 .bss.s_module  0x000000002000011c      0x1a4 lib/blocks/platform_STM32L0X2.o
 .bss.g_cur_task_idx
                0x00000000200002c0        0x4 lib/blocks/platform_STM32L0X2.o
                0x00000000200002c0                g_cur_task_idx
 .bss._inst.8039
                0x00000000200002c4        0x4 lib/blocks/platform_STM32L0X2.o
 .bss.g_flag_schedule
                0x00000000200002c8        0x4 lib/blocks/platform_STM32L0X2.o
                0x00000000200002c8                g_flag_schedule
 .bss.uwTick    0x00000000200002cc        0x4 lib/stm/stm_STM32L0X2.o
 *(COMMON)
 COMMON         0x00000000200002d0      0x91c lib/blocks/platform_STM32L0X2.o
                0x00000000200002d0                huart1
                0x0000000020000340                g_stack
                0x0000000020000b40                g_cortex_regs
                0x0000000020000be0                blocks_standard_function_handlers
                0x0000000020000bec                . = ALIGN (0x4)
                0x0000000020000bec                _ebss = .
                0x0000000020000bec                __bss_end__ = _ebss

._user_heap_stack
                0x0000000020000bec      0x604 load address 0x0000000008009824
                0x0000000020000bf0                . = ALIGN (0x8)
 *fill*         0x0000000020000bec        0x4 
                [!provide]                        PROVIDE (end, .)
                [!provide]                        PROVIDE (_end, .)
                0x0000000020000bf0                heap_low = .
                0x0000000020000ff0                . = (. + _Min_Heap_Size)
 *fill*         0x0000000020000bf0      0x400 
                0x0000000020000ff0                heap_top = .
                0x00000000200011f0                . = (. + _Min_Stack_Size)
 *fill*         0x0000000020000ff0      0x200 
                0x00000000200011f0                . = ALIGN (0x8)

/DISCARD/
 libc.a(*)
 libm.a(*)
 libgcc.a(*)

.ARM.attributes
                0x0000000000000000       0x30
 *(.ARM.attributes)
 .ARM.attributes
                0x0000000000000000       0x30 lib/blocks/platform_STM32L0X2.o
 .ARM.attributes
                0x0000000000000030       0x30 lib/stm/stm_STM32L0X2.o
 .ARM.attributes
                0x0000000000000060       0x32 build/vendor.o
OUTPUT(build/fw.o elf32-littlearm)

.comment        0x0000000000000000       0x38
 .comment       0x0000000000000000       0x38 lib/blocks/platform_STM32L0X2.o
                                        0x1c8 (size before relaxing)
 .comment       0x0000000000000038      0x558 lib/stm/stm_STM32L0X2.o
 .comment       0x0000000000000038       0x39 build/vendor.o

.debug_aranges  0x0000000000000000     0x10e8
 .debug_aranges
                0x0000000000000000      0x300 lib/blocks/platform_STM32L0X2.o
 .debug_aranges
                0x0000000000000300      0xdb0 lib/stm/stm_STM32L0X2.o
 .debug_aranges
                0x00000000000010b0       0x38 build/vendor.o

.debug_info     0x0000000000000000    0x15e45
 .debug_info    0x0000000000000000     0x755e lib/blocks/platform_STM32L0X2.o
 .debug_info    0x000000000000755e     0xe19d lib/stm/stm_STM32L0X2.o
 .debug_info    0x00000000000156fb      0x74a build/vendor.o

.debug_abbrev   0x0000000000000000     0x3f51
 .debug_abbrev  0x0000000000000000     0x1485 lib/blocks/platform_STM32L0X2.o
 .debug_abbrev  0x0000000000001485     0x28eb lib/stm/stm_STM32L0X2.o
 .debug_abbrev  0x0000000000003d70      0x1e1 build/vendor.o

.debug_line     0x0000000000000000     0xf146
 .debug_line    0x0000000000000000     0x317a lib/blocks/platform_STM32L0X2.o
 .debug_line    0x000000000000317a     0xba78 lib/stm/stm_STM32L0X2.o
 .debug_line    0x000000000000ebf2      0x554 build/vendor.o

.debug_frame    0x0000000000000000     0x28cc
 .debug_frame   0x0000000000000000      0x6e0 lib/blocks/platform_STM32L0X2.o
 .debug_frame   0x00000000000006e0     0x2180 lib/stm/stm_STM32L0X2.o
 .debug_frame   0x0000000000002860       0x6c build/vendor.o

.debug_str      0x0000000000000000    0x5ece8
 .debug_str     0x0000000000000000    0x5b146 lib/blocks/platform_STM32L0X2.o
                                     0x26e39d (size before relaxing)
 .debug_str     0x000000000005b146     0x3a3b lib/stm/stm_STM32L0X2.o
                                     0x7fbe7b (size before relaxing)
 .debug_str     0x000000000005eb81      0x167 build/vendor.o
                                      0x57d4d (size before relaxing)

.debug_loc      0x0000000000000000     0xbe8e
 .debug_loc     0x0000000000000000     0x238e lib/blocks/platform_STM32L0X2.o
 .debug_loc     0x000000000000238e     0x9adf lib/stm/stm_STM32L0X2.o
 .debug_loc     0x000000000000be6d       0x21 build/vendor.o

.debug_ranges   0x0000000000000000     0x1410
 .debug_ranges  0x0000000000000000      0x3a0 lib/blocks/platform_STM32L0X2.o
 .debug_ranges  0x00000000000003a0     0x1048 lib/stm/stm_STM32L0X2.o
 .debug_ranges  0x00000000000013e8       0x28 build/vendor.o

.debug_macro    0x0000000000000000    0x126ad
 .debug_macro   0x0000000000000000     0x1517 lib/blocks/platform_STM32L0X2.o
 .debug_macro   0x0000000000001517      0x82c lib/blocks/platform_STM32L0X2.o
 .debug_macro   0x0000000000001d43       0xa0 lib/blocks/platform_STM32L0X2.o
 .debug_macro   0x0000000000001de3       0x2e lib/blocks/platform_STM32L0X2.o
 .debug_macro   0x0000000000001e11       0x28 lib/blocks/platform_STM32L0X2.o
 .debug_macro   0x0000000000001e39       0x22 lib/blocks/platform_STM32L0X2.o
 .debug_macro   0x0000000000001e5b       0x44 lib/blocks/platform_STM32L0X2.o
 .debug_macro   0x0000000000001e9f       0xe3 lib/blocks/platform_STM32L0X2.o
 .debug_macro   0x0000000000001f82       0x22 lib/blocks/platform_STM32L0X2.o
 .debug_macro   0x0000000000001fa4      0x1df lib/blocks/platform_STM32L0X2.o
 .debug_macro   0x0000000000002183       0x34 lib/blocks/platform_STM32L0X2.o
 .debug_macro   0x00000000000021b7       0x26 lib/blocks/platform_STM32L0X2.o
 .debug_macro   0x00000000000021dd      0x44f lib/blocks/platform_STM32L0X2.o
 .debug_macro   0x000000000000262c     0x486c lib/blocks/platform_STM32L0X2.o
 .debug_macro   0x0000000000006e98       0x3c lib/blocks/platform_STM32L0X2.o
 .debug_macro   0x0000000000006ed4     0x31a7 lib/blocks/platform_STM32L0X2.o
 .debug_macro   0x000000000000a07b       0x58 lib/blocks/platform_STM32L0X2.o
 .debug_macro   0x000000000000a0d3       0x35 lib/blocks/platform_STM32L0X2.o
 .debug_macro   0x000000000000a108       0x9c lib/blocks/platform_STM32L0X2.o
 .debug_macro   0x000000000000a1a4       0x16 lib/blocks/platform_STM32L0X2.o
 .debug_macro   0x000000000000a1ba       0x97 lib/blocks/platform_STM32L0X2.o
 .debug_macro   0x000000000000a251      0x27a lib/blocks/platform_STM32L0X2.o
 .debug_macro   0x000000000000a4cb       0xf6 lib/blocks/platform_STM32L0X2.o
 .debug_macro   0x000000000000a5c1       0x10 lib/blocks/platform_STM32L0X2.o
 .debug_macro   0x000000000000a5d1       0x52 lib/blocks/platform_STM32L0X2.o
 .debug_macro   0x000000000000a623       0x16 lib/blocks/platform_STM32L0X2.o
 .debug_macro   0x000000000000a639       0x43 lib/blocks/platform_STM32L0X2.o
 .debug_macro   0x000000000000a67c      0x180 lib/blocks/platform_STM32L0X2.o
 .debug_macro   0x000000000000a7fc       0x10 lib/blocks/platform_STM32L0X2.o
 .debug_macro   0x000000000000a80c       0x22 lib/blocks/platform_STM32L0X2.o
 .debug_macro   0x000000000000a82e       0xbe lib/blocks/platform_STM32L0X2.o
 .debug_macro   0x000000000000a8ec       0x16 lib/blocks/platform_STM32L0X2.o
 .debug_macro   0x000000000000a902      0x197 lib/blocks/platform_STM32L0X2.o
 .debug_macro   0x000000000000aa99       0x57 lib/blocks/platform_STM32L0X2.o
 .debug_macro   0x000000000000aaf0      0x7eb lib/blocks/platform_STM32L0X2.o
 .debug_macro   0x000000000000b2db      0x788 lib/blocks/platform_STM32L0X2.o
 .debug_macro   0x000000000000ba63      0x14d lib/blocks/platform_STM32L0X2.o
 .debug_macro   0x000000000000bbb0      0x17d lib/blocks/platform_STM32L0X2.o
 .debug_macro   0x000000000000bd2d      0x26b lib/blocks/platform_STM32L0X2.o
 .debug_macro   0x000000000000bf98      0x1ef lib/blocks/platform_STM32L0X2.o
 .debug_macro   0x000000000000c187      0x120 lib/blocks/platform_STM32L0X2.o
 .debug_macro   0x000000000000c2a7      0x2bf lib/blocks/platform_STM32L0X2.o
 .debug_macro   0x000000000000c566       0x12 lib/blocks/platform_STM32L0X2.o
 .debug_macro   0x000000000000c578       0xc7 lib/blocks/platform_STM32L0X2.o
 .debug_macro   0x000000000000c63f       0x4d lib/blocks/platform_STM32L0X2.o
 .debug_macro   0x000000000000c68c       0x12 lib/blocks/platform_STM32L0X2.o
 .debug_macro   0x000000000000c69e      0x1d0 lib/blocks/platform_STM32L0X2.o
 .debug_macro   0x000000000000c86e       0x4d lib/blocks/platform_STM32L0X2.o
 .debug_macro   0x000000000000c8bb       0x66 lib/blocks/platform_STM32L0X2.o
 .debug_macro   0x000000000000c921      0x189 lib/blocks/platform_STM32L0X2.o
 .debug_macro   0x000000000000caaa       0x16 lib/blocks/platform_STM32L0X2.o
 .debug_macro   0x000000000000cac0      0x535 lib/blocks/platform_STM32L0X2.o
 .debug_macro   0x000000000000cff5       0x77 lib/blocks/platform_STM32L0X2.o
 .debug_macro   0x000000000000d06c      0x703 lib/blocks/platform_STM32L0X2.o
 .debug_macro   0x000000000000d76f      0x120 lib/blocks/platform_STM32L0X2.o
 .debug_macro   0x000000000000d88f      0x13f lib/blocks/platform_STM32L0X2.o
 .debug_macro   0x000000000000d9ce       0x10 lib/blocks/platform_STM32L0X2.o
 .debug_macro   0x000000000000d9de       0x3a lib/blocks/platform_STM32L0X2.o
 .debug_macro   0x000000000000da18       0x5a lib/blocks/platform_STM32L0X2.o
 .debug_macro   0x000000000000da72       0x1c lib/blocks/platform_STM32L0X2.o
 .debug_macro   0x000000000000da8e       0xd1 lib/blocks/platform_STM32L0X2.o
 .debug_macro   0x000000000000db5f      0x16d lib/blocks/platform_STM32L0X2.o
 .debug_macro   0x000000000000dccc       0x4a lib/blocks/platform_STM32L0X2.o
 .debug_macro   0x000000000000dd16       0x10 lib/blocks/platform_STM32L0X2.o
 .debug_macro   0x000000000000dd26       0x35 lib/blocks/platform_STM32L0X2.o
 .debug_macro   0x000000000000dd5b       0x58 lib/blocks/platform_STM32L0X2.o
 .debug_macro   0x000000000000ddb3       0x16 lib/blocks/platform_STM32L0X2.o
 .debug_macro   0x000000000000ddc9       0x16 lib/blocks/platform_STM32L0X2.o
 .debug_macro   0x000000000000dddf       0x16 lib/blocks/platform_STM32L0X2.o
 .debug_macro   0x000000000000ddf5       0x16 lib/blocks/platform_STM32L0X2.o
 .debug_macro   0x000000000000de0b       0x29 lib/blocks/platform_STM32L0X2.o
 .debug_macro   0x000000000000de34       0x16 lib/blocks/platform_STM32L0X2.o
 .debug_macro   0x000000000000de4a      0x4f7 lib/blocks/platform_STM32L0X2.o
 .debug_macro   0x000000000000e341       0x10 lib/blocks/platform_STM32L0X2.o
 .debug_macro   0x000000000000e351      0x241 lib/blocks/platform_STM32L0X2.o
 .debug_macro   0x000000000000e592       0x3a lib/blocks/platform_STM32L0X2.o
 .debug_macro   0x000000000000e5cc       0x52 lib/blocks/platform_STM32L0X2.o
 .debug_macro   0x000000000000e61e       0x2e lib/blocks/platform_STM32L0X2.o
 .debug_macro   0x000000000000e64c     0x3d66 lib/stm/stm_STM32L0X2.o
 .debug_macro   0x00000000000123b2      0x2a1 build/vendor.o
 .debug_macro   0x0000000000012653       0x5a build/vendor.o
